2025/07/16 18:39:23 [启动] 加载配置URL: 
2025/07/16 18:39:23 [启动] 标准化URL: file:///D:/Documents/GitHub/Classpaper-v2
2025/07/16 18:39:23 [启动] 浏览器路径: 
2025/07/16 18:39:23 [托盘] 托盘菜单已初始化
2025/07/16 18:39:23 {"method":"Runtime.consoleAPICalled","params":{"type":"warning","args":[{"type":"string","value":"crbug/1173575, non-JS module files deprecated."}],"executionContextId":1,"timestamp":1.752662363697208e+12,"stackTrace":{"callFrames":[{"functionName":"","scriptId":"6","url":"file:///D:/Documents/GitHub/Classpaper-v2/","lineNumber":231,"columnNumber":1653}]}}}
2025/07/16 18:39:23 [Lorca] 设置窗口标题: classpaperZN8IzY
2025/07/16 18:39:24 [桌面穿透] SetupWallpaper(classpaperZN8IzY) 返回: true
2025/07/16 18:39:24 [Lorca] 等待窗口关闭...
2025/07/16 18:39:25 [桌面穿透] 定时调用 RemoveFromTaskbar 保持窗口状态
2025/07/16 18:39:26 [桌面穿透] 定时调用 RemoveFromTaskbar 保持窗口状态
2025/07/16 18:39:27 [桌面穿透] 定时调用 RemoveFromTaskbar 保持窗口状态
2025/07/16 18:39:28 [桌面穿透] 定时调用 RemoveFromTaskbar 保持窗口状态
2025/07/16 18:39:29 [桌面穿透] 定时调用 RemoveFromTaskbar 保持窗口状态
2025/07/16 18:39:30 [桌面穿透] 定时调用 RemoveFromTaskbar 保持窗口状态
2025/07/16 18:39:31 [桌面穿透] 定时调用 RemoveFromTaskbar 保持窗口状态
2025/07/16 18:39:32 [桌面穿透] 定时调用 RemoveFromTaskbar 保持窗口状态
2025/07/16 18:39:33 [桌面穿透] 定时调用 RemoveFromTaskbar 保持窗口状态
2025/07/16 18:39:34 [桌面穿透] 定时调用 RemoveFromTaskbar 保持窗口状态
2025/07/16 18:39:35 [桌面穿透] 定时调用 RemoveFromTaskbar 保持窗口状态
2025/07/16 18:39:36 [桌面穿透] 定时调用 RemoveFromTaskbar 保持窗口状态
2025/07/16 18:39:37 [桌面穿透] 定时调用 RemoveFromTaskbar 保持窗口状态
2025/07/16 18:39:38 [桌面穿透] 定时调用 RemoveFromTaskbar 保持窗口状态
2025/07/16 18:39:38 [托盘] 退出程序
2025/07/16 18:39:38 [退出] 程序退出，清理资源...
2025/07/16 18:39:38 [Lorca] 窗口已关闭
